## /home/laforti/cubitalpha/./bin/clarox
## Cubit Version 11.0b
## Cubit Build 803
## Revised 05/31/2007 17:33:09 MST
## Running 06/01/2007 03:28:15 PM
## Command Options:
## -warning = On
## -information = On
undo on
brick x 100
volume 1 interval 10
volume 1 scheme sweep
set parallel meshing on
mesh volume 1
export parallel "1cube.pcamal.g"
delete mesh
webcut volume all xplane
webcut volume all yplane
webcut volume all zplane
volume all interval 10
volume all scheme sweep
set parallel meshing on
mesh volume all
export parallel "8cubes.pcamal.g"
delete mesh
webcut volume with x_coord > 0 with plane xplane offset 25 noimprint nomerge
webcut volume with x_coord < 0 with plane xplane offset -25 noimprint nomerge
webcut volume with y_coord < 0 with plane yplane offset -25 noimprint nomerge
webcut volume with y_coord > 0 with plane yplane offset 25 noimprint nomerge
webcut volume with z_coord > 0 with plane zplane offset 25 noimprint nomerge
webcut volume with z_coord < 0 with plane zplane offset -25 noimprint nomerge
volume all interval 10
volume all scheme sweep
set parallel meshing on
mesh volume all
export parallel "64cubes.pcamal.g"
delete mesh
webcut volume with z_coord < -25 with plane zplane offset -37.5 noimprint nomerge
webcut volume with 0 > z_coord > -25 with plane zplane offset -12.5 noimprint nomerge
webcut volume with 0 < z_coord < 25 with plane zplane offset 12.5 noimprint nomerge
webcut volume with z_coord > 25 with plane zplane offset 37.5 noimprint nomerge
webcut volume with x_coord > 25 with plane xplane offset 37.5 noimprint nomerge
webcut volume with x_coord < -25 with plane xplane offset -37.5 noimprint nomerge
webcut volume with 0 < x_coord < 25 with plane xplane offset 12.5 noimprint nomerge
webcut volume with 0 > x_coord > -25 with plane xplane offset -12.5 noimprint nomerge
webcut volume with 0 > y_coord > -25 with plane yplane offset -12.5 noimprint nomerge
webcut volume with 0 < y_coord < 25 with plane yplane offset 12.5 noimprint nomerge
webcut volume with y_coord > 25 with plane yplane offset 37.5 noimprint nomerge
webcut volume with y_coord < -25 with plane yplane offset -37.5 noimprint nomerge
volume all interval 10
volume all scheme sweep
set parallel meshing on
mesh volume all
export parallel "512cubes.pcamal.g"
delete mesh
webcut volume with x_coord > 0 with plane xplane offset 6.25 noimprint nomerge
webcut volume with 12.5 < x_coord < 25 with plane xplane offset 18.75 noimprint nomerge
webcut volume with 25 < x_coord < 37.5 with plane xplane offset {18.75+12.5} noimprint nomerge
webcut volume with 37.5 < x_coord < 50 with plane xplane offset {18.75+12.5+12.5} noimprint nomerge
webcut volume with x_coord < 0 with plane xplane offset -6.25 noimprint nomerge
webcut volume with x_coord < 0 with plane xplane offset -18.75 noimprint nomerge
webcut volume with x_coord < 0 with plane xplane offset {-18.75-12.5} noimprint nomerge
webcut volume with x_coord < 0 with plane xplane offset {-18.75-12.5-12.5} noimprint nomerge
webcut volume with y_coord < 0 with plane yplane offset {-18.75-12.5-12.5} noimprint nomerge
webcut volume with y_coord < 0 with plane yplane offset {-18.75-12.5} noimprint nomerge
webcut volume with y_coord < 0 with plane yplane offset -18.75 noimprint nomerge
webcut volume with y_coord < 0 with plane yplane offset -6.25 noimprint nomerge
webcut volume with y_coord > 0 with plane yplane offset 6.25 noimprint nomerge
webcut volume with y_coord > 0 with plane yplane offset 18.75 noimprint nomerge
webcut volume with y_coord > 0 with plane yplane offset {18.75+12.5} noimprint nomerge
webcut volume with y_coord > 0 with plane yplane offset {18.75+12.5+12.5} noimprint nomerge
webcut volume with z_coord > 0 with plane zplane offset {18.75+12.5+12.5} noimprint nomerge
webcut volume with z_coord > 0 with plane zplane offset {18.75+12.5} noimprint nomerge
webcut volume with z_coord > 0 with plane zplane offset 18.75 noimprint nomerge
webcut volume with z_coord > 0 with plane zplane offset 6.25 noimprint nomerge
webcut volume with z_coord < 0 with plane zplane offset -6.25 noimprint nomerge
webcut volume with z_coord < 0 with plane zplane offset -18.75 noimprint nomerge
webcut volume with z_coord < 0 with plane zplane offset {-18.75-12.5} noimprint nomerge
webcut volume with z_coord < 0 with plane zplane offset {-18.75-12.5-12.5} noimprint nomerge
save as "/home/laforti/pcamal/speed_up_examples/4096cubes.cub" overwrite
