## /home/laforti/cubitbeta/./bin/clarox
## Cubit Version 11.0b
## Cubit Build 826
## Revised 06/06/2007 17:45:59 MST
## Running 06/07/2007 12:02:29 PM
## Command Options:
## -warning = On
## -information = On
undo on
brick x 100
webcut volume 1 with plane xplane offset 0 noimprint nomerge
webcut volume all with plane yplane offset 0 noimprint nomerge
webcut volume all with plane zplane offset 0 noimprint nomerge
webcut volume with x_coord > 0 with plane xplane offset 25 noimprint nomerge
webcut volume with x_coord < 0 with plane xplane offset -25 noimprint nomerge
webcut volume with y_coord < 0 with plane yplane offset -25 noimprint nomerge
webcut volume with y_coord > 0 with plane yplane offset 25 noimprint nomerge
webcut volume with z_coord > 0 with plane zplane offset 25 noimprint nomerge
webcut volume with z_coord < 0 with plane zplane offset -25 noimprint nomerge
webcut volume with z_coord < 0 with plane zplane offset -12.5 noimprint nomerge
webcut volume with z_coord < 0 with plane zplane offset -37.5 noimprint nomerge
webcut volume with z_coord > 0 with plane zplane offset 37.5 noimprint nomerge
webcut volume with z_coord > 0 with plane zplane offset 12.5 noimprint nomerge
webcut volume with y_coord > 0 with plane yplane offset 12.5 noimprint nomerge
webcut volume with y_coord > 0 with plane yplane offset 37.5 noimprint nomerge
webcut volume with y_coord < 0 with plane yplane offset -37.5 noimprint nomerge
webcut volume with y_coord < 0 with plane yplane offset -12.5 noimprint nomerge
webcut volume with x_coord < 0 with plane xplane offset -12.5 noimprint nomerge
webcut volume with x_coord < 0 with plane xplane offset -37.5 noimprint nomerge
webcut volume with x_coord > 0 with plane xplane offset 37.5 noimprint nomerge
webcut volume with x_coord > 0 with plane xplane offset 12.5 noimprint nomerge
webcut volume with x_coord > 0 with plane xplane offset 6.25 noimprint nomerge
webcut volume with x_coord > 0 with plane xplane offset 18.75 noimprint nomerge
webcut volume with x_coord > 0 with plane xplane offset {18.75+12.5} noimprint nomerge
webcut volume with x_coord > 0 with plane xplane offset {18.75+12.5+12.5} noimprint nomerge
webcut volume with x_coord < 0 with plane xplane offset -6.25 noimprint nomerge
webcut volume with x_coord < 0 with plane xplane offset -18.75 noimprint nomerge
webcut volume with x_coord < 0 with plane xplane offset {-18.75-12.5} noimprint nomerge
webcut volume with x_coord < 0 with plane xplane offset {-18.75-12.5-12.5} noimprint nomerge
volume all interval 10
volume all scheme sweep
set parallel meshing on
mesh volume all
export parallel "1024cubes.pcamal.g"
delete mesh
webcut volume with y_coord < 0 with plane yplane offset -6.25 noimprint nomerge
webcut volume with y_coord < 0 with plane yplane offset -18.75 noimprint nomerge
webcut volume with y_coord < 0 with plane yplane offset {-18.75-12.5} noimprint nomerge
webcut volume with y_coord < 0 with plane yplane offset {-18.75-12.5-12.5} noimprint nomerge
